{"time":"2026-04-02T18:45:49+02:00","q":"a","count":20}
{"time":"2026-04-02T18:45:52+02:00","q":"ea","count":3}
{"time":"2026-04-02T18:45:55+02:00","q":"ea","count":3}
{"time":"2026-04-02T18:45:57+02:00","q":"ea","count":3}
{"time":"2026-04-02T18:45:59+02:00","q":"ea","count":3}
{"time":"2026-04-02T18:46:04+02:00","q":"ea","count":3}
{"time":"2026-04-02T18:48:27+02:00","q":"p","count":14}
{"time":"2026-04-02T18:50:13+02:00","q":"a","count":20}
{"time":"2026-04-02T18:50:15+02:00","q":"pa","count":2}
{"time":"2026-04-02T18:54:29+02:00","q":"pa","count":2}
{"time":"2026-04-02T19:44:37+02:00","q":"\u0e23","count":0}
{"time":"2026-04-02T19:44:38+02:00","q":"i","count":20}
{"time":"2026-04-02T19:46:36+02:00","q":"I","count":20}
{"time":"2026-04-02T22:05:46+02:00","q":"idu","count":0}
{"time":"2026-04-02T22:05:46+02:00","q":"i","count":20}
{"time":"2026-04-03T05:47:44+02:00","q":"pa","count":2}
{"time":"2026-04-03T05:53:26+02:00","q":"\u0e1f","count":0}
{"time":"2026-04-03T05:53:27+02:00","q":"a","count":20}
{"time":"2026-04-03T05:53:28+02:00","q":"pa","count":2}
{"time":"2026-04-03T05:58:03+02:00","q":"pra","count":2}
{"time":"2026-04-03T05:58:05+02:00","q":"pa","count":2}
{"time":"2026-04-03T06:03:50+02:00","q":"0","count":9}
{"time":"2026-04-03T06:04:18+02:00","q":"r","count":20}
{"time":"2026-04-03T06:04:20+02:00","q":"para","count":1}
{"time":"2026-04-03T06:58:13+02:00","q":"pa","count":2}
{"time":"2026-04-03T06:59:58+02:00","q":"p","count":14}
{"time":"2026-04-03T06:59:59+02:00","q":"pa","count":2}
{"time":"2026-04-03T07:00:46+02:00","q":"i","count":20}
{"time":"2026-04-03T07:01:58+02:00","q":"test","count":1}
{"time":"2026-04-07T09:03:13+02:00","q":"\u0e22","count":0}
{"time":"2026-04-07T09:03:15+02:00","q":"pa","count":2}
{"time":"2026-08-17T14:54:09+02:00","q":"1","count":3}
{"time":"2026-08-17T14:54:09+02:00","q":"1111","count":0}
{"time":"2026-08-17T14:54:11+02:00","q":"e","count":20}
{"time":"2026-08-17T15:08:33+02:00","q":"t","count":20}
