[2026-04-02T17:37:38+02:00] ERROR: SQLSTATE[HY093]: Invalid parameter number
[2026-04-02T17:37:39+02:00] ERROR: SQLSTATE[HY093]: Invalid parameter number
[2026-04-02T17:38:12+02:00] ERROR: SQLSTATE[HY093]: Invalid parameter number
[2026-04-02T17:38:14+02:00] ERROR: SQLSTATE[HY093]: Invalid parameter number
{"time":"2026-04-02T17:39:18+02:00","q":"a","count":20}
{"time":"2026-04-02T17:39:20+02:00","q":"0","count":20}
{"time":"2026-04-02T17:39:20+02:00","q":"08","count":20}
{"time":"2026-04-02T17:39:21+02:00","q":"086","count":1}
{"time":"2026-04-02T17:39:22+02:00","q":"0866","count":0}
{"time":"2026-04-02T17:39:23+02:00","q":"08","count":20}
{"time":"2026-04-02T17:39:25+02:00","q":"089","count":18}
{"time":"2026-04-02T17:39:26+02:00","q":"0896","count":1}
{"time":"2026-04-02T17:47:11+02:00","q":"test","count":20}
{"time":"2026-04-02T17:47:15+02:00","q":"test","count":20}
{"time":"2026-04-02T17:47:16+02:00","q":"test 111","count":4}
{"time":"2026-04-02T17:47:16+02:00","q":"test 1111","count":4}
{"time":"2026-04-02T17:53:45+02:00","q":"\u0e44","count":20}
{"time":"2026-04-02T17:53:47+02:00","q":"a","count":20}
{"time":"2026-04-02T17:53:48+02:00","q":"ad","count":20}
{"time":"2026-04-02T17:53:50+02:00","q":"am","count":20}
{"time":"2026-04-02T17:53:50+02:00","q":"ama","count":20}
{"time":"2026-04-02T17:53:52+02:00","q":"aman","count":20}
{"time":"2026-04-02T17:54:51+02:00","q":"a","count":20}
{"time":"2026-04-02T17:57:29+02:00","q":"a","count":20}
{"time":"2026-04-02T17:57:30+02:00","q":"am","count":20}
{"time":"2026-04-02T17:57:31+02:00","q":"ama","count":20}
{"time":"2026-04-02T17:58:01+02:00","q":"a","count":20}
{"time":"2026-04-02T17:58:02+02:00","q":"aaa","count":20}
{"time":"2026-04-02T18:00:25+02:00","q":"\u0e19","count":20}
{"time":"2026-04-02T18:00:27+02:00","q":"\u0e1f","count":20}
{"time":"2026-04-02T18:00:27+02:00","q":"\u0e1f\u0e17","count":20}
{"time":"2026-04-02T18:00:28+02:00","q":"am","count":20}
{"time":"2026-04-02T18:00:29+02:00","q":"ama","count":20}
{"time":"2026-04-02T18:01:15+02:00","q":"amakk","count":20}
{"time":"2026-04-02T18:01:15+02:00","q":"am","count":20}
{"time":"2026-04-02T18:02:15+02:00","q":"a","count":20}
{"time":"2026-04-02T18:02:16+02:00","q":"ada","count":20}
{"time":"2026-04-02T18:02:17+02:00","q":"adam","count":20}
{"time":"2026-04-02T18:02:18+02:00","q":"a","count":20}
{"time":"2026-04-02T18:02:19+02:00","q":"am","count":20}
{"time":"2026-04-02T18:02:19+02:00","q":"ama","count":20}
{"time":"2026-04-02T18:02:21+02:00","q":"ama","count":20}
{"time":"2026-04-02T18:02:25+02:00","q":"a","count":20}
{"time":"2026-04-02T18:05:04+02:00","q":"\u0e1f","count":20}
{"time":"2026-04-02T18:05:05+02:00","q":"a","count":20}
{"time":"2026-04-02T18:05:06+02:00","q":"ad","count":20}
{"time":"2026-04-02T18:05:06+02:00","q":"a","count":20}
{"time":"2026-04-02T18:05:07+02:00","q":"amam","count":20}
{"time":"2026-04-02T18:05:08+02:00","q":"am","count":20}
{"time":"2026-04-02T18:05:08+02:00","q":"am","count":20}
{"time":"2026-04-02T18:05:11+02:00","q":"a","count":20}
{"time":"2026-04-02T18:05:12+02:00","q":"ama","count":20}
{"time":"2026-04-02T18:05:18+02:00","q":"amanda","count":20}
{"time":"2026-04-02T18:06:22+02:00","q":"\u0e1f","count":20}
{"time":"2026-04-02T18:06:24+02:00","q":"a","count":20}
{"time":"2026-04-02T18:06:26+02:00","q":"am","count":20}
{"time":"2026-04-02T18:07:43+02:00","q":"a","count":20}
{"time":"2026-04-02T18:07:44+02:00","q":"ad","count":20}
{"time":"2026-04-02T18:11:36+02:00","q":"\u0e1f","count":20}
{"time":"2026-04-02T18:11:38+02:00","q":"a","count":20}
{"time":"2026-04-02T18:11:39+02:00","q":"am","count":20}
{"time":"2026-04-02T18:11:39+02:00","q":"ama","count":20}
{"time":"2026-04-02T18:13:44+02:00","q":"\u0e1f","count":20}
{"time":"2026-04-02T18:13:47+02:00","q":"\u0e1f","count":20}
{"time":"2026-04-02T18:13:49+02:00","q":"a","count":20}
{"time":"2026-04-02T18:13:50+02:00","q":"ad","count":20}
{"time":"2026-04-02T18:13:50+02:00","q":"ada","count":20}
{"time":"2026-04-02T18:45:46+02:00","q":"a","count":20}
{"time":"2026-04-02T18:45:46+02:00","q":"aa","count":20}
{"time":"2026-04-02T18:45:48+02:00","q":"a","count":20}
{"time":"2026-04-02T18:46:43+02:00","q":"a","count":20}
{"time":"2026-04-02T18:46:46+02:00","q":"amd","count":20}
{"time":"2026-04-02T18:46:47+02:00","q":"ama","count":20}
{"time":"2026-04-02T18:46:47+02:00","q":"aman","count":20}
{"time":"2026-04-02T18:46:54+02:00","q":"ama","count":20}
{"time":"2026-04-02T18:46:57+02:00","q":"a","count":20}
{"time":"2026-04-02T18:46:59+02:00","q":"aa","count":20}
{"time":"2026-04-02T18:47:00+02:00","q":"aaa","count":20}
{"time":"2026-04-02T18:47:00+02:00","q":"aaaaaa","count":20}
{"time":"2026-04-02T18:47:02+02:00","q":"aj","count":20}
{"time":"2026-04-02T18:47:03+02:00","q":"ji","count":20}
{"time":"2026-04-02T18:47:03+02:00","q":"j","count":20}
{"time":"2026-04-02T18:47:04+02:00","q":"jo","count":20}
{"time":"2026-04-02T18:47:04+02:00","q":"johmn","count":20}
{"time":"2026-04-02T18:47:05+02:00","q":"john","count":20}
{"time":"2026-04-02T18:48:20+02:00","q":"a","count":20}
{"time":"2026-04-02T18:48:23+02:00","q":"ad","count":20}
{"time":"2026-04-02T18:50:18+02:00","q":"pa","count":20}
{"time":"2026-04-02T18:50:21+02:00","q":"a","count":20}
{"time":"2026-04-02T18:50:21+02:00","q":"ad","count":20}
{"time":"2026-04-02T18:50:23+02:00","q":"ada","count":20}
{"time":"2026-04-02T18:50:24+02:00","q":"aman","count":20}
{"time":"2026-04-02T18:50:25+02:00","q":"amanda","count":20}
{"time":"2026-04-02T18:50:32+02:00","q":"0","count":20}
{"time":"2026-04-02T18:50:32+02:00","q":"08","count":20}
{"time":"2026-04-02T18:50:33+02:00","q":"086","count":1}
{"time":"2026-04-02T18:50:35+02:00","q":"08","count":20}
{"time":"2026-04-02T18:50:37+02:00","q":"08966","count":1}
{"time":"2026-04-02T18:50:45+02:00","q":"0896","count":1}
{"time":"2026-04-02T18:53:00+02:00","q":"0899","count":1}
{"time":"2026-04-02T18:53:03+02:00","q":"089","count":18}
{"time":"2026-04-02T18:53:04+02:00","q":"0896","count":1}
{"time":"2026-04-02T18:53:24+02:00","q":"086","count":1}
{"time":"2026-04-02T18:53:24+02:00","q":"0869","count":0}
{"time":"2026-04-02T18:53:27+02:00","q":"08966","count":1}
{"time":"2026-04-02T18:53:28+02:00","q":"089666","count":1}
{"time":"2026-04-02T18:55:56+02:00","q":"08699","count":0}
{"time":"2026-04-02T18:55:56+02:00","q":"086999","count":0}
{"time":"2026-04-02T18:55:59+02:00","q":"08966","count":1}
{"time":"2026-04-02T18:55:59+02:00","q":"089666","count":1}
{"time":"2026-04-02T19:44:49+02:00","q":"089","count":18}
{"time":"2026-04-02T19:46:30+02:00","q":"056","count":7}
{"time":"2026-04-02T19:46:33+02:00","q":"0899","count":1}
{"time":"2026-04-02T22:02:49+02:00","q":"111","count":4}
{"time":"2026-04-02T22:02:50+02:00","q":"11111111","count":1}
{"time":"2026-04-02T22:02:56+02:00","q":"1111111","count":3}
{"time":"2026-04-02T22:03:41+02:00","q":"8999","count":1}
{"time":"2026-04-02T22:03:42+02:00","q":"899","count":1}
{"time":"2026-04-02T22:04:23+02:00","q":"00000","count":20}
{"time":"2026-04-02T22:04:25+02:00","q":"0000","count":20}
{"time":"2026-04-02T22:04:29+02:00","q":"000","count":20}
{"time":"2026-04-02T22:04:33+02:00","q":"00000","count":20}
{"time":"2026-04-02T22:05:08+02:00","q":"0800000","count":1}
{"time":"2026-04-02T22:05:27+02:00","q":"086","count":1}
{"time":"2026-04-02T22:05:33+02:00","q":"080","count":1}
{"time":"2026-04-02T22:05:41+02:00","q":"0800","count":1}
{"time":"2026-04-03T05:47:30+02:00","q":"00088","count":4}
{"time":"2026-04-03T05:47:32+02:00","q":"0008800","count":0}
{"time":"2026-04-03T05:47:33+02:00","q":"08000","count":1}
{"time":"2026-04-03T05:53:23+02:00","q":"0800","count":1}
{"time":"2026-04-03T05:57:59+02:00","q":"080","count":1}
{"time":"2026-04-03T06:03:47+02:00","q":"080","count":1}
{"time":"2026-04-03T06:04:15+02:00","q":"080","count":1}
{"time":"2026-04-03T06:59:53+02:00","q":"0817","count":2}
{"time":"2026-04-03T07:00:43+02:00","q":"0817","count":2}
{"time":"2026-04-03T07:01:53+02:00","q":"0817","count":2}
